// Jest Snapshot v1, https://goo.gl/fbAQLP

exports[`Tests for AltBox component renders content 1`] = `
<div>
  Foo bar
</div>
`;
